Archive member included because of file (symbol)

c:/program files (x86)/atmel/atmel toolchain/avr8 gcc/native/3.4.1056/avr8-gnu-toolchain/bin/../lib/gcc/avr/4.8.1/avrxmega4\libgcc.a(_divmodhi4.o)
                              src/PID.o (__divmodhi4)
c:/program files (x86)/atmel/atmel toolchain/avr8 gcc/native/3.4.1056/avr8-gnu-toolchain/bin/../lib/gcc/avr/4.8.1/avrxmega4\libgcc.a(_udivmodsi4.o)
                              src/ASF/xmega/drivers/qdec/qdec.o (__udivmodsi4)
c:/program files (x86)/atmel/atmel toolchain/avr8 gcc/native/3.4.1056/avr8-gnu-toolchain/bin/../lib/gcc/avr/4.8.1/avrxmega4\libgcc.a(_divmodsi4.o)
                              src/PID.o (__divmodsi4)
c:/program files (x86)/atmel/atmel toolchain/avr8 gcc/native/3.4.1056/avr8-gnu-toolchain/bin/../lib/gcc/avr/4.8.1/avrxmega4\libgcc.a(_negsi2.o)
                              c:/program files (x86)/atmel/atmel toolchain/avr8 gcc/native/3.4.1056/avr8-gnu-toolchain/bin/../lib/gcc/avr/4.8.1/avrxmega4\libgcc.a(_divmodsi4.o) (__negsi2)
c:/program files (x86)/atmel/atmel toolchain/avr8 gcc/native/3.4.1056/avr8-gnu-toolchain/bin/../lib/gcc/avr/4.8.1/avrxmega4\libgcc.a(_exit.o)
                              c:/program files (x86)/atmel/atmel toolchain/avr8 gcc/native/3.4.1056/avr8-gnu-toolchain/bin/../lib/gcc/avr/4.8.1/../../../../avr/lib/avrxmega4/crtx64a4u.o (exit)
c:/program files (x86)/atmel/atmel toolchain/avr8 gcc/native/3.4.1056/avr8-gnu-toolchain/bin/../lib/gcc/avr/4.8.1/avrxmega4\libgcc.a(_tablejump.o)
                              src/ASF/xmega/drivers/qdec/qdec.o (__tablejump2__)
c:/program files (x86)/atmel/atmel toolchain/avr8 gcc/native/3.4.1056/avr8-gnu-toolchain/bin/../lib/gcc/avr/4.8.1/avrxmega4\libgcc.a(_copy_data.o)
                              src/ASF/common/services/sleepmgr/xmega/sleepmgr.o (__do_copy_data)
c:/program files (x86)/atmel/atmel toolchain/avr8 gcc/native/3.4.1056/avr8-gnu-toolchain/bin/../lib/gcc/avr/4.8.1/avrxmega4\libgcc.a(_clear_bss.o)
                              src/ASF/common/services/sleepmgr/xmega/sleepmgr.o (__do_clear_bss)
c:/program files (x86)/atmel/atmel toolchain/avr8 gcc/native/3.4.1056/avr8-gnu-toolchain/bin/../lib/gcc/avr/4.8.1/avrxmega4\libgcc.a(_umulhisi3.o)
                              src/ASF/xmega/drivers/qdec/qdec.o (__umulhisi3)
c:/program files (x86)/atmel/atmel toolchain/avr8 gcc/native/3.4.1056/avr8-gnu-toolchain/bin/../lib/gcc/avr/4.8.1/avrxmega4\libgcc.a(_mulshisi3.o)
                              src/PID.o (__mulshisi3)
c:/program files (x86)/atmel/atmel toolchain/avr8 gcc/native/3.4.1056/avr8-gnu-toolchain/bin/../lib/gcc/avr/4.8.1/avrxmega4\libgcc.a(_udivdi3.o)
                              src/ASF/xmega/drivers/qdec/qdec.o (__udivdi3)
c:/program files (x86)/atmel/atmel toolchain/avr8 gcc/native/3.4.1056/avr8-gnu-toolchain/bin/../lib/gcc/avr/4.8.1/avrxmega4\libgcc.a(_udivmod64.o)
                              c:/program files (x86)/atmel/atmel toolchain/avr8 gcc/native/3.4.1056/avr8-gnu-toolchain/bin/../lib/gcc/avr/4.8.1/avrxmega4\libgcc.a(_udivdi3.o) (__udivmod64)
c:/program files (x86)/atmel/atmel toolchain/avr8 gcc/native/3.4.1056/avr8-gnu-toolchain/bin/../lib/gcc/avr/4.8.1/avrxmega4\libgcc.a(_ashldi3.o)
                              src/ASF/xmega/drivers/qdec/qdec.o (__ashldi3)
c:/program files (x86)/atmel/atmel toolchain/avr8 gcc/native/3.4.1056/avr8-gnu-toolchain/bin/../lib/gcc/avr/4.8.1/avrxmega4\libgcc.a(_subdi3.o)
                              src/ASF/xmega/drivers/qdec/qdec.o (__subdi3)
c:/program files (x86)/atmel/atmel toolchain/avr8 gcc/native/3.4.1056/avr8-gnu-toolchain/bin/../lib/gcc/avr/4.8.1/avrxmega4\libgcc.a(_udivmodhi4.o)
                              c:/program files (x86)/atmel/atmel toolchain/avr8 gcc/native/3.4.1056/avr8-gnu-toolchain/bin/../lib/gcc/avr/4.8.1/avrxmega4\libgcc.a(_divmodhi4.o) (__udivmodhi4)
c:/program files (x86)/atmel/atmel toolchain/avr8 gcc/native/3.4.1056/avr8-gnu-toolchain/bin/../lib/gcc/avr/4.8.1/avrxmega4\libgcc.a(_muluhisi3.o)
                              c:/program files (x86)/atmel/atmel toolchain/avr8 gcc/native/3.4.1056/avr8-gnu-toolchain/bin/../lib/gcc/avr/4.8.1/avrxmega4\libgcc.a(_mulshisi3.o) (__muluhisi3)
c:/program files (x86)/atmel/atmel toolchain/avr8 gcc/native/3.4.1056/avr8-gnu-toolchain/bin/../lib/gcc/avr/4.8.1/../../../../avr/lib/avrxmega4\libc.a(memcpy.o)
                              src/ASF/xmega/drivers/nvm/nvm.o (memcpy)

Allocating common symbols
Common symbol       size              file

sendPositionFlag    0x1               src/BTMessageParse.o
mrDestination       0x1               src/BTMessageParse.o
ml_pwm_cfg          0x7               src/main.o
mlDutyCycle         0x1               src/BTMessageParse.o
CMDstate            0x1               src/BTMessageParse.o
mlDestination       0x1               src/BTMessageParse.o
pIn                 0x2               src/BTMessageParse.o
mr_pwm_cfg          0x7               src/main.o
rxBufferFull        0x1               src/BTMessageParse.o
[...]
Memory Configuration

Name             Origin             Length             Attributes
text             0x00000000         0x00100000         xr
data             0x00802000         0x0000ffa0         rw !x
eeprom           0x00810000         0x00010000         rw !x
fuse             0x00820000         0x00000400         rw !x
lock             0x00830000         0x00000400         rw !x
signature        0x00840000         0x00000400         rw !x
user_signatures  0x00850000         0x00000400         rw !x
*default*        0x00000000         0xffffffff

Linker script and memory map

LOAD c:/program files (x86)/atmel/atmel toolchain/avr8 gcc/native/3.4.1056/avr8-gnu-toolchain/bin/../lib/gcc/avr/4.8.1/../../../../avr/lib/avrxmega4/crtx64a4u.o
LOAD src/PID.o
LOAD src/ASF/common/services/sleepmgr/xmega/sleepmgr.o
LOAD src/ASF/common/services/spi/xmega_spi/spi_master.o
LOAD src/ASF/xmega/drivers/qdec/qdec.o
LOAD src/ASF/xmega/drivers/spi/spi.o
LOAD src/ASF/xmega/drivers/tc/tc.o
LOAD src/ASF/xmega/drivers/usart/usart.o
LOAD src/ASF/common/services/ioport/xmega/ioport_compat.o
LOAD src/ASF/common/services/clock/xmega/sysclk.o
LOAD src/ASF/xmega/drivers/nvm/nvm.o
LOAD src/ASF/xmega/drivers/nvm/nvm_asm.o
LOAD src/ASF/xmega/drivers/cpu/ccp.o
LOAD src/ASF/common/boards/user_board/init.o
LOAD src/ASF/xmega/services/pwm/pwm.o
LOAD src/BTMessageParse.o
LOAD src/main.o
START GROUP
LOAD c:/program files (x86)/atmel/atmel toolchain/avr8 gcc/native/3.4.1056/avr8-gnu-toolchain/bin/../lib/gcc/avr/4.8.1/../../../../avr/lib/avrxmega4\libm.a
END GROUP
START GROUP
LOAD c:/program files (x86)/atmel/atmel toolchain/avr8 gcc/native/3.4.1056/avr8-gnu-toolchain/bin/../lib/gcc/avr/4.8.1/avrxmega4\libgcc.a
LOAD c:/program files (x86)/atmel/atmel toolchain/avr8 gcc/native/3.4.1056/avr8-gnu-toolchain/bin/../lib/gcc/avr/4.8.1/../../../../avr/lib/avrxmega4\libm.a
LOAD c:/program files (x86)/atmel/atmel toolchain/avr8 gcc/native/3.4.1056/avr8-gnu-toolchain/bin/../lib/gcc/avr/4.8.1/../../../../avr/lib/avrxmega4\libc.a
END GROUP

.hash
 *(.hash)

.dynsym
 *(.dynsym)

.dynstr
 *(.dynstr)

.gnu.version
 *(.gnu.version)

.gnu.version_d
 *(.gnu.version_d)

.gnu.version_r
 *(.gnu.version_r)

.rel.init
 *(.rel.init)

.rela.init
 *(.rela.init)

.rel.text
 *(.rel.text)
 *(.rel.text.*)
 *(.rel.gnu.linkonce.t*)

.rela.text
 *(.rela.text)
 *(.rela.text.*)
 *(.rela.gnu.linkonce.t*)

.rel.fini
 *(.rel.fini)

.rela.fini
 *(.rela.fini)

.rel.rodata
 *(.rel.rodata)
 *(.rel.rodata.*)
 *(.rel.gnu.linkonce.r*)

.rela.rodata
 *(.rela.rodata)
 *(.rela.rodata.*)
 *(.rela.gnu.linkonce.r*)

.rel.data
 *(.rel.data)
 *(.rel.data.*)
 *(.rel.gnu.linkonce.d*)

.rela.data
 *(.rela.data)
 *(.rela.data.*)
 *(.rela.gnu.linkonce.d*)

.rel.ctors
 *(.rel.ctors)

.rela.ctors
 *(.rela.ctors)

.rel.dtors
 *(.rel.dtors)

.rela.dtors
 *(.rela.dtors)

.rel.got
 *(.rel.got)

.rela.got
 *(.rela.got)

.rel.bss
 *(.rel.bss)

.rela.bss
 *(.rela.bss)

.rel.plt
 *(.rel.plt)

.rela.plt
 *(.rela.plt)

.text           0x00000000     0x1f0a
 *(.vectors)
 .vectors       0x00000000      0x1fc c:/program files (x86)/atmel/atmel toolchain/avr8 gcc/native/3.4.1056/avr8-gnu-toolchain/bin/../lib/gcc/avr/4.8.1/../../../../avr/lib/avrxmega4/crtx64a4u.o
                0x00000000                __vector_default
                0x00000000                __vectors
 *(.vectors)
 *(.progmem.gcc*)
 .progmem.gcc_sw_table.qdec_enabled
                0x000001fc        0xe src/ASF/xmega/drivers/qdec/qdec.o
                0x0000020a                . = ALIGN (0x2)
                0x0000020a                __trampolines_start = .
 *(.trampolines)
 .trampolines   0x0000020a        0x0 linker stubs
 *(.trampolines*)
                0x0000020a                __trampolines_end = .
 *(.progmem*)
                0x0000020a                . = ALIGN (0x2)
 *(.jumptables)
 *(.jumptables*)
 *(.lowtext)
 *(.lowtext*)
                0x0000020a                __ctors_start = .
 *(.ctors)
                0x0000020a                __ctors_end = .
                0x0000020a                __dtors_start = .
 *(.dtors)
                0x0000020a                __dtors_end = .
 SORT(*)(.ctors)
 SORT(*)(.dtors)
 *(.init0)
 .init0         0x0000020a        0x0 c:/program files (x86)/atmel/atmel toolchain/avr8 gcc/native/3.4.1056/avr8-gnu-toolchain/bin/../lib/gcc/avr/4.8.1/../../../../avr/lib/avrxmega4/crtx64a4u.o
                0x0000020a                __init
 *(.init0)
 *(.init1)
 *(.init1)
 *(.init2)
 .init2         0x0000020a        0xc c:/program files (x86)/atmel/atmel toolchain/avr8 gcc/native/3.4.1056/avr8-gnu-toolchain/bin/../lib/gcc/avr/4.8.1/../../../../avr/lib/avrxmega4/crtx64a4u.o
 *(.init2)
 *(.init3)
 *(.init3)
 *(.init4)
 .init4         0x00000216       0x1a c:/program files (x86)/atmel/atmel toolchain/avr8 gcc/native/3.4.1056/avr8-gnu-toolchain/bin/../lib/gcc/avr/4.8.1/avrxmega4\libgcc.a(_copy_data.o)
                0x00000216                __do_copy_data
 .init4         0x00000230       0x10 c:/program files (x86)/atmel/atmel toolchain/avr8 gcc/native/3.4.1056/avr8-gnu-toolchain/bin/../lib/gcc/avr/4.8.1/avrxmega4\libgcc.a(_clear_bss.o)
                0x00000230                __do_clear_bss
 *(.init4)
 *(.init5)
 *(.init5)
 *(.init6)
 *(.init6)
 *(.init7)
 *(.init7)
 *(.init8)
 *(.init8)
 *(.init9)
 .init9         0x00000240        0x8 c:/program files (x86)/atmel/atmel toolchain/avr8 gcc/native/3.4.1056/avr8-gnu-toolchain/bin/../lib/gcc/avr/4.8.1/../../../../avr/lib/avrxmega4/crtx64a4u.o
 *(.init9)
 *(.text)
 .text          0x00000248        0x2 c:/program files (x86)/atmel/atmel toolchain/avr8 gcc/native/3.4.1056/avr8-gnu-toolchain/bin/../lib/gcc/avr/4.8.1/../../../../avr/lib/avrxmega4/crtx64a4u.o
                0x00000248                __vector_38
                0x00000248                __vector_104
                0x00000248                __vector_63
                0x00000248                __vector_28
                0x00000248                __vector_67
                0x00000248                __vector_1
                0x00000248                __vector_119
                0x00000248                __vector_32
                0x00000248                __vector_75
                0x00000248                __vector_71
                0x00000248                __vector_91
                0x00000248                __vector_34
                0x00000248                __vector_62
                0x00000248                __vector_102
                0x00000248                __vector_24
                0x00000248                __vector_12
                0x00000248                __vector_55
                0x00000248                __vector_69
                0x00000248                __vector_90
                0x00000248                __vector_46
                0x00000248                __bad_interrupt
                0x00000248                __vector_122
                0x00000248                __vector_72
                0x00000248                __vector_114
                0x00000248                __vector_6
                0x00000248                __vector_110
                0x00000248                __vector_31
                0x00000248                __vector_92
                0x00000248                __vector_35
                0x00000248                __vector_74
                0x00000248                __vector_117
                0x00000248                __vector_39
                0x00000248                __vector_107
                0x00000248                __vector_3
                0x00000248                __vector_105
                0x00000248                __vector_98
                0x00000248                __vector_68
                0x00000248                __vector_30
                0x00000248                __vector_73
                0x00000248                __vector_45
                0x00000248                __vector_25
                0x00000248                __vector_93
                0x00000248                __vector_61
                0x00000248                __vector_11
                0x00000248                __vector_54
                0x00000248                __vector_99
                0x00000248                __vector_13
                0x00000248                __vector_56
                0x00000248                __vector_7
                0x00000248                __vector_125
                0x00000248                __vector_123
                0x00000248                __vector_41
                0x00000248                __vector_100
                0x00000248                __vector_101
                0x00000248                __vector_64
                0x00000248                __vector_109
                0x00000248                __vector_43
                0x00000248                __vector_27
                0x00000248                __vector_5
                0x00000248                __vector_113
                0x00000248                __vector_33
                0x00000248                __vector_76
                0x00000248                __vector_115
                0x00000248                __vector_37
                0x00000248                __vector_95
                0x00000248                __vector_103
                0x00000248                __vector_96
                0x00000248                __vector_89
                0x00000248                __vector_108
                0x00000248                __vector_4
                0x00000248                __vector_44
                0x00000248                __vector_106
                0x00000248                __vector_118
                0x00000248                __vector_9
                0x00000248                __vector_2
                0x00000248                __vector_66
                0x00000248                __vector_36
                0x00000248                __vector_58
                0x00000248                __vector_70
                0x00000248                __vector_29
                0x00000248                __vector_60
                0x00000248                __vector_121
                0x00000248                __vector_40
                0x00000248                __vector_94
                0x00000248                __vector_126
                0x00000248                __vector_8
                0x00000248                __vector_26
                0x00000248                __vector_124
                0x00000248                __vector_116
                0x00000248                __vector_112
                0x00000248                __vector_111
                0x00000248                __vector_57
                0x00000248                __vector_53
                0x00000248                __vector_10
                0x00000248                __vector_59
                0x00000248                __vector_97
                0x00000248                __vector_42
                0x00000248                __vector_87
                0x00000248                __vector_65
                0x00000248                __vector_120
                0x0000024a                . = ALIGN (0x2)
 *(.text.*)
 .text.qdec_evsys_pin_2_chmux
                0x0000024a       0x40 src/ASF/xmega/drivers/qdec/qdec.o
 .text.qdec_get_config_defaults
                0x0000028a       0x4c src/ASF/xmega/drivers/qdec/qdec.o
                0x0000028a                qdec_get_config_defaults
 .text.qdec_config_phase_pins
                0x000002d6       0x18 src/ASF/xmega/drivers/qdec/qdec.o
                0x000002d6                qdec_config_phase_pins
 .text.qdec_config_event_channel
                0x000002ee        0x6 src/ASF/xmega/drivers/qdec/qdec.o
                0x000002ee                qdec_config_event_channel
 .text.qdec_config_tc
                0x000002f4        0x8 src/ASF/xmega/drivers/qdec/qdec.o
                0x000002f4                qdec_config_tc
 .text.qdec_config_revolution
                0x000002fc        0x8 src/ASF/xmega/drivers/qdec/qdec.o
                0x000002fc                qdec_config_revolution
 .text.qdec_enabled
                0x00000304      0x400 src/ASF/xmega/drivers/qdec/qdec.o
                0x00000304                qdec_enabled
 .text.__vector_14
                0x00000704       0x5a src/ASF/xmega/drivers/tc/tc.o
                0x00000704                __vector_14
 .text.__vector_15
                0x0000075e       0x5a src/ASF/xmega/drivers/tc/tc.o
                0x0000075e                __vector_15
 .text.__vector_16
                0x000007b8       0x5a src/ASF/xmega/drivers/tc/tc.o
                0x000007b8                __vector_16
 .text.__vector_17
                0x00000812       0x5a src/ASF/xmega/drivers/tc/tc.o
                0x00000812                __vector_17
 .text.__vector_18
                0x0000086c       0x5a src/ASF/xmega/drivers/tc/tc.o
                0x0000086c                __vector_18
 .text.__vector_19
                0x000008c6       0x5a src/ASF/xmega/drivers/tc/tc.o
                0x000008c6                __vector_19
 .text.__vector_20
                0x00000920       0x5a src/ASF/xmega/drivers/tc/tc.o
                0x00000920                __vector_20
 .text.__vector_21
                0x0000097a       0x5a src/ASF/xmega/drivers/tc/tc.o
                0x0000097a                __vector_21
 .text.__vector_22
                0x000009d4       0x5a src/ASF/xmega/drivers/tc/tc.o
                0x000009d4                __vector_22
 .text.__vector_23
                0x00000a2e       0x5a src/ASF/xmega/drivers/tc/tc.o
                0x00000a2e                __vector_23
 .text.__vector_77
                0x00000a88       0x5a src/ASF/xmega/drivers/tc/tc.o
                0x00000a88                __vector_77
 .text.__vector_78
                0x00000ae2       0x5a src/ASF/xmega/drivers/tc/tc.o
                0x00000ae2                __vector_78
 .text.__vector_79
                0x00000b3c       0x5a src/ASF/xmega/drivers/tc/tc.o
                0x00000b3c                __vector_79
 .text.__vector_80
                0x00000b96       0x5a src/ASF/xmega/drivers/tc/tc.o
                0x00000b96                __vector_80
 .text.__vector_81
                0x00000bf0       0x5a src/ASF/xmega/drivers/tc/tc.o
                0x00000bf0                __vector_81
 .text.__vector_82
                0x00000c4a       0x5a src/ASF/xmega/drivers/tc/tc.o
                0x00000c4a                __vector_82
 .text.__vector_84
                0x00000ca4       0x5a src/ASF/xmega/drivers/tc/tc.o
                0x00000ca4                __vector_84
 .text.__vector_85
                0x00000cfe       0x5a src/ASF/xmega/drivers/tc/tc.o
                0x00000cfe                __vector_85
 .text.__vector_86
                0x00000d58       0x5a src/ASF/xmega/drivers/tc/tc.o
                0x00000d58                __vector_86
 .text.__vector_47
                0x00000db2       0x5a src/ASF/xmega/drivers/tc/tc.o
                0x00000db2                __vector_47
 .text.__vector_48
                0x00000e0c       0x5a src/ASF/xmega/drivers/tc/tc.o
                0x00000e0c                __vector_48
 .text.__vector_49
                0x00000e66       0x5a src/ASF/xmega/drivers/tc/tc.o
                0x00000e66                __vector_49
 .text.__vector_50
                0x00000ec0       0x5a src/ASF/xmega/drivers/tc/tc.o
                0x00000ec0                __vector_50
 .text.__vector_51
                0x00000f1a       0x5a src/ASF/xmega/drivers/tc/tc.o
                0x00000f1a                __vector_51
 .text.__vector_52
                0x00000f74       0x5a src/ASF/xmega/drivers/tc/tc.o
                0x00000f74                __vector_52
 .text.tc_enable
                0x00000fce       0x90 src/ASF/xmega/drivers/tc/tc.o
                0x00000fce                tc_enable
 .text.usart_putchar
                0x0000105e       0x10 src/ASF/xmega/drivers/usart/usart.o
                0x0000105e                usart_putchar
 .text.usart_getchar
                0x0000106e        0xc src/ASF/xmega/drivers/usart/usart.o
                0x0000106e                usart_getchar
 .text.usart_set_baudrate
                0x0000107a      0x20c src/ASF/xmega/drivers/usart/usart.o
                0x0000107a                usart_set_baudrate
 .text.usart_init_rs232
                0x00001286      0x1d8 src/ASF/xmega/drivers/usart/usart.o
                0x00001286                usart_init_rs232
 .text.ioport_configure_port_pin
                0x0000145e       0x50 src/ASF/common/services/ioport/xmega/ioport_compat.o
                0x0000145e                ioport_configure_port_pin
 .text.sysclk_init
                0x000014ae       0x4e src/ASF/common/services/clock/xmega/sysclk.o
                0x000014ae                sysclk_init
 .text.sysclk_enable_module
                0x000014fc       0x18 src/ASF/common/services/clock/xmega/sysclk.o
                0x000014fc                sysclk_enable_module
 .text.ccp_write_io
                0x00001514        0xc src/ASF/xmega/drivers/cpu/ccp.o
                0x00001514                ccp_write_io
 .text.board_init
                0x00001520       0x62 src/ASF/common/boards/user_board/init.o
                0x00001520                board_init
 .text.pwm_set_frequency
                0x00001582       0xd0 src/ASF/xmega/services/pwm/pwm.o
                0x00001582                pwm_set_frequency
 .text.pwm_init
                0x00001652      0x15a src/ASF/xmega/services/pwm/pwm.o
                0x00001652                pwm_init
 .text.pwm_start
                0x000017ac       0xa0 src/ASF/xmega/services/pwm/pwm.o
                0x000017ac                pwm_start
 .text.buf_init
                0x0000184c       0x2e src/BTMessageParse.o
                0x0000184c                buf_init
 .text.buf_put  0x0000187a       0x7e src/BTMessageParse.o
                0x0000187a                buf_put
 .text.buf_get  0x000018f8       0x64 src/BTMessageParse.o
                0x000018f8                buf_get
 .text.buf_clear
                0x0000195c       0x2c src/BTMessageParse.o
                0x0000195c                buf_clear
 .text.parseCommand
                0x00001988       0xa0 src/BTMessageParse.o
                0x00001988                parseCommand
 .text.main     0x00001a28      0x290 src/main.o
                0x00001a28                main
 .text.sendACK  0x00001cb8       0x16 src/main.o
                0x00001cb8                sendACK
 .text.__vector_88
                0x00001cce       0x86 src/main.o
                0x00001cce                __vector_88
 .text.__vector_83
                0x00001d54       0x44 src/main.o
                0x00001d54                __vector_83
 .text.libgcc.div
                0x00001d98       0x44 c:/program files (x86)/atmel/atmel toolchain/avr8 gcc/native/3.4.1056/avr8-gnu-toolchain/bin/../lib/gcc/avr/4.8.1/avrxmega4\libgcc.a(_udivmodsi4.o)
                0x00001d98                __udivmodsi4
 .text.libgcc   0x00001ddc        0xc c:/program files (x86)/atmel/atmel toolchain/avr8 gcc/native/3.4.1056/avr8-gnu-toolchain/bin/../lib/gcc/avr/4.8.1/avrxmega4\libgcc.a(_tablejump.o)
                0x00001ddc                __tablejump2__
                0x00001de0                __tablejump__
 .text.libgcc.mul
                0x00001de8       0x1e c:/program files (x86)/atmel/atmel toolchain/avr8 gcc/native/3.4.1056/avr8-gnu-toolchain/bin/../lib/gcc/avr/4.8.1/avrxmega4\libgcc.a(_umulhisi3.o)
                0x00001de8                __umulhisi3
 .text.libgcc.div
                0x00001e06       0x1a c:/program files (x86)/atmel/atmel toolchain/avr8 gcc/native/3.4.1056/avr8-gnu-toolchain/bin/../lib/gcc/avr/4.8.1/avrxmega4\libgcc.a(_udivdi3.o)
                0x00001e06                __umoddi3
                0x00001e0a                __udivdi3
                0x00001e0c                __udivdi3_umoddi3
 .text.libgcc.div
                0x00001e20       0xa2 c:/program files (x86)/atmel/atmel toolchain/avr8 gcc/native/3.4.1056/avr8-gnu-toolchain/bin/../lib/gcc/avr/4.8.1/avrxmega4\libgcc.a(_udivmod64.o)
                0x00001e20                __udivmod64
 .text.libgcc.builtins
                0x00001ec2       0x32 c:/program files (x86)/atmel/atmel toolchain/avr8 gcc/native/3.4.1056/avr8-gnu-toolchain/bin/../lib/gcc/avr/4.8.1/avrxmega4\libgcc.a(_ashldi3.o)
                0x00001ec2                __ashldi3
 .text.libgcc   0x00001ef4       0x12 c:/program files (x86)/atmel/atmel toolchain/avr8 gcc/native/3.4.1056/avr8-gnu-toolchain/bin/../lib/gcc/avr/4.8.1/avrxmega4\libgcc.a(_subdi3.o)
                0x00001ef4                __subdi3
                0x00001f06                . = ALIGN (0x2)
 *(.fini9)
 .fini9         0x00001f06        0x0 c:/program files (x86)/atmel/atmel toolchain/avr8 gcc/native/3.4.1056/avr8-gnu-toolchain/bin/../lib/gcc/avr/4.8.1/avrxmega4\libgcc.a(_exit.o)
                0x00001f06                _exit
                0x00001f06                exit
 *(.fini9)
 *(.fini8)
 *(.fini8)
 *(.fini7)
 *(.fini7)
 *(.fini6)
 *(.fini6)
 *(.fini5)
 *(.fini5)
 *(.fini4)
 *(.fini4)
 *(.fini3)
 *(.fini3)
 *(.fini2)
 *(.fini2)
 *(.fini1)
 *(.fini1)
 *(.fini0)
 .fini0         0x00001f06        0x4 c:/program files (x86)/atmel/atmel toolchain/avr8 gcc/native/3.4.1056/avr8-gnu-toolchain/bin/../lib/gcc/avr/4.8.1/avrxmega4\libgcc.a(_exit.o)
 *(.fini0)
                0x00001f0a                _etext = .

.data           0x00802000        0x8 load address 0x00001f0a
                0x00802000                PROVIDE (__data_start, .)
 *(.data)
 .data          0x00802000        0x0 c:/program files (x86)/atmel/atmel toolchain/avr8 gcc/native/3.4.1056/avr8-gnu-toolchain/bin/../lib/gcc/avr/4.8.1/../../../../avr/lib/avrxmega4/crtx64a4u.o
 .data          0x00802000        0x0 src/PID.o
 .data          0x00802000        0x0 src/ASF/common/services/sleepmgr/xmega/sleepmgr.o
 .data          0x00802000        0x0 src/ASF/common/services/spi/xmega_spi/spi_master.o
 .data          0x00802000        0x0 src/ASF/xmega/drivers/qdec/qdec.o
 .data          0x00802000        0x0 src/ASF/xmega/drivers/spi/spi.o
 .data          0x00802000        0x0 src/ASF/xmega/drivers/tc/tc.o
 .data          0x00802000        0x0 src/ASF/xmega/drivers/usart/usart.o
 .data          0x00802000        0x0 src/ASF/common/services/ioport/xmega/ioport_compat.o
 .data          0x00802000        0x0 src/ASF/common/services/clock/xmega/sysclk.o
 .data          0x00802000        0x0 src/ASF/xmega/drivers/nvm/nvm.o
 .data          0x00802000        0x0 src/ASF/xmega/drivers/nvm/nvm_asm.o
 .data          0x00802000        0x0 src/ASF/xmega/drivers/cpu/ccp.o
 .data          0x00802000        0x0 src/ASF/common/boards/user_board/init.o
 .data          0x00802000        0x0 src/ASF/xmega/services/pwm/pwm.o
 .data          0x00802000        0x0 src/BTMessageParse.o
 .data          0x00802000        0x0 src/main.o
 .data          0x00802000        0x0 c:/program files (x86)/atmel/atmel toolchain/avr8 gcc/native/3.4.1056/avr8-gnu-toolchain/bin/../lib/gcc/avr/4.8.1/avrxmega4\libgcc.a(_divmodhi4.o)
 .data          0x00802000        0x0 c:/program files (x86)/atmel/atmel toolchain/avr8 gcc/native/3.4.1056/avr8-gnu-toolchain/bin/../lib/gcc/avr/4.8.1/avrxmega4\libgcc.a(_udivmodsi4.o)
 .data          0x00802000        0x0 c:/program files (x86)/atmel/atmel toolchain/avr8 gcc/native/3.4.1056/avr8-gnu-toolchain/bin/../lib/gcc/avr/4.8.1/avrxmega4\libgcc.a(_divmodsi4.o)
 .data          0x00802000        0x0 c:/program files (x86)/atmel/atmel toolchain/avr8 gcc/native/3.4.1056/avr8-gnu-toolchain/bin/../lib/gcc/avr/4.8.1/avrxmega4\libgcc.a(_negsi2.o)
 .data          0x00802000        0x0 c:/program files (x86)/atmel/atmel toolchain/avr8 gcc/native/3.4.1056/avr8-gnu-toolchain/bin/../lib/gcc/avr/4.8.1/avrxmega4\libgcc.a(_exit.o)
 .data          0x00802000        0x0 c:/program files (x86)/atmel/atmel toolchain/avr8 gcc/native/3.4.1056/avr8-gnu-toolchain/bin/../lib/gcc/avr/4.8.1/avrxmega4\libgcc.a(_tablejump.o)
 .data          0x00802000        0x0 c:/program files (x86)/atmel/atmel toolchain/avr8 gcc/native/3.4.1056/avr8-gnu-toolchain/bin/../lib/gcc/avr/4.8.1/avrxmega4\libgcc.a(_copy_data.o)
 .data          0x00802000        0x0 c:/program files (x86)/atmel/atmel toolchain/avr8 gcc/native/3.4.1056/avr8-gnu-toolchain/bin/../lib/gcc/avr/4.8.1/avrxmega4\libgcc.a(_clear_bss.o)
 .data          0x00802000        0x0 c:/program files (x86)/atmel/atmel toolchain/avr8 gcc/native/3.4.1056/avr8-gnu-toolchain/bin/../lib/gcc/avr/4.8.1/avrxmega4\libgcc.a(_umulhisi3.o)
 .data          0x00802000        0x0 c:/program files (x86)/atmel/atmel toolchain/avr8 gcc/native/3.4.1056/avr8-gnu-toolchain/bin/../lib/gcc/avr/4.8.1/avrxmega4\libgcc.a(_mulshisi3.o)
 .data          0x00802000        0x0 c:/program files (x86)/atmel/atmel toolchain/avr8 gcc/native/3.4.1056/avr8-gnu-toolchain/bin/../lib/gcc/avr/4.8.1/avrxmega4\libgcc.a(_udivdi3.o)
 .data          0x00802000        0x0 c:/program files (x86)/atmel/atmel toolchain/avr8 gcc/native/3.4.1056/avr8-gnu-toolchain/bin/../lib/gcc/avr/4.8.1/avrxmega4\libgcc.a(_udivmod64.o)
 .data          0x00802000        0x0 c:/program files (x86)/atmel/atmel toolchain/avr8 gcc/native/3.4.1056/avr8-gnu-toolchain/bin/../lib/gcc/avr/4.8.1/avrxmega4\libgcc.a(_ashldi3.o)
 .data          0x00802000        0x0 c:/program files (x86)/atmel/atmel toolchain/avr8 gcc/native/3.4.1056/avr8-gnu-toolchain/bin/../lib/gcc/avr/4.8.1/avrxmega4\libgcc.a(_subdi3.o)
 .data          0x00802000        0x0 c:/program files (x86)/atmel/atmel toolchain/avr8 gcc/native/3.4.1056/avr8-gnu-toolchain/bin/../lib/gcc/avr/4.8.1/avrxmega4\libgcc.a(_udivmodhi4.o)
 .data          0x00802000        0x0 c:/program files (x86)/atmel/atmel toolchain/avr8 gcc/native/3.4.1056/avr8-gnu-toolchain/bin/../lib/gcc/avr/4.8.1/avrxmega4\libgcc.a(_muluhisi3.o)
 .data          0x00802000        0x0 c:/program files (x86)/atmel/atmel toolchain/avr8 gcc/native/3.4.1056/avr8-gnu-toolchain/bin/../lib/gcc/avr/4.8.1/../../../../avr/lib/avrxmega4\libc.a(memcpy.o)
 *(.data*)
 .data.USART_SERIAL_OPTIONS
                0x00802000        0x7 src/main.o
 *(.rodata)
 *(.rodata*)
 *(.gnu.linkonce.d*)
                0x00802008                . = ALIGN (0x2)
 *fill*         0x00802007        0x1 
                0x00802008                _edata = .
                0x00802008                PROVIDE (__data_end, .)

.bss            0x00802008       0xbc
                0x00802008                PROVIDE (__bss_start, .)
 *(.bss)
 *(.bss*)
 .bss.tc_tce0_ccd_callback
                0x00802008        0x2 src/ASF/xmega/drivers/tc/tc.o
 .bss.tc_tce0_ccc_callback
                0x0080200a        0x2 src/ASF/xmega/drivers/tc/tc.o
 .bss.tc_tce0_ccb_callback
                0x0080200c        0x2 src/ASF/xmega/drivers/tc/tc.o
 .bss.tc_tce0_cca_callback
                0x0080200e        0x2 src/ASF/xmega/drivers/tc/tc.o
 .bss.tc_tce0_err_callback
                0x00802010        0x2 src/ASF/xmega/drivers/tc/tc.o
 .bss.tc_tce0_ovf_callback
                0x00802012        0x2 src/ASF/xmega/drivers/tc/tc.o
 .bss.tc_tcd1_ccb_callback
                0x00802014        0x2 src/ASF/xmega/drivers/tc/tc.o
 .bss.tc_tcd1_cca_callback
                0x00802016        0x2 src/ASF/xmega/drivers/tc/tc.o
 .bss.tc_tcd1_err_callback
                0x00802018        0x2 src/ASF/xmega/drivers/tc/tc.o
 .bss.tc_tcd0_ccd_callback
                0x0080201a        0x2 src/ASF/xmega/drivers/tc/tc.o
 .bss.tc_tcd0_ccc_callback
                0x0080201c        0x2 src/ASF/xmega/drivers/tc/tc.o
 .bss.tc_tcd0_ccb_callback
                0x0080201e        0x2 src/ASF/xmega/drivers/tc/tc.o
 .bss.tc_tcd0_cca_callback
                0x00802020        0x2 src/ASF/xmega/drivers/tc/tc.o
 .bss.tc_tcd0_err_callback
                0x00802022        0x2 src/ASF/xmega/drivers/tc/tc.o
 .bss.tc_tcd0_ovf_callback
                0x00802024        0x2 src/ASF/xmega/drivers/tc/tc.o
 .bss.tc_tcc1_ccb_callback
                0x00802026        0x2 src/ASF/xmega/drivers/tc/tc.o
 .bss.tc_tcc1_cca_callback
                0x00802028        0x2 src/ASF/xmega/drivers/tc/tc.o
 .bss.tc_tcc1_err_callback
                0x0080202a        0x2 src/ASF/xmega/drivers/tc/tc.o
 .bss.tc_tcc1_ovf_callback
                0x0080202c        0x2 src/ASF/xmega/drivers/tc/tc.o
 .bss.tc_tcc0_ccd_callback
                0x0080202e        0x2 src/ASF/xmega/drivers/tc/tc.o
 .bss.tc_tcc0_ccc_callback
                0x00802030        0x2 src/ASF/xmega/drivers/tc/tc.o
 .bss.tc_tcc0_ccb_callback
                0x00802032        0x2 src/ASF/xmega/drivers/tc/tc.o
 .bss.tc_tcc0_cca_callback
                0x00802034        0x2 src/ASF/xmega/drivers/tc/tc.o
 .bss.tc_tcc0_err_callback
                0x00802036        0x2 src/ASF/xmega/drivers/tc/tc.o
 .bss.tc_tcc0_ovf_callback
                0x00802038        0x2 src/ASF/xmega/drivers/tc/tc.o
 .bss.i.5775    0x0080203a        0x2 src/main.o
 .bss.bang      0x0080203c        0x1 src/main.o
                0x0080203c                bang
 *(COMMON)
 COMMON         0x0080203d        0x6 src/ASF/common/services/sleepmgr/xmega/sleepmgr.o
                0x0080203d                sleepmgr_locks
 COMMON         0x00802043       0x73 src/BTMessageParse.o
                0x00802043                sendPositionFlag
                0x00802044                mrDestination
                0x00802045                mlDutyCycle
                0x00802046                CMDstate
                0x00802047                mlDestination
                0x00802048                pIn
                0x0080204a                rxBufferFull
                0x0080204b                bytes_rx
                0x0080204c                pEnd
                0x0080204e                buf
                0x008020b2                pOut
                0x008020b4                mrDutyCycle
                0x008020b5                commands_in_buf
 COMMON         0x008020b6        0xe src/main.o
                0x008020b6                ml_pwm_cfg
                0x008020bd                mr_pwm_cfg
                0x008020c4                PROVIDE (__bss_end, .)
                0x00001f0a                __data_load_start = LOADADDR (.data)
                0x00001f12                __data_load_end = (__data_load_start + SIZEOF (.data))

.noinit         0x008020c4        0x0
                0x008020c4                PROVIDE (__noinit_start, .)
 *(.noinit*)
                0x008020c4                PROVIDE (__noinit_end, .)
                0x008020c4                _end = .
                0x008020c4                PROVIDE (__heap_start, .)

.eeprom         0x00810000        0x0
 *(.eeprom*)
                0x00810000                __eeprom_end = .

.fuse
 *(.fuse)
 *(.lfuse)
 *(.hfuse)
 *(.efuse)

.lock
 *(.lock*)

.signature
 *(.signature*)

.user_signatures
 *(.user_signatures*)

.stab
 *(.stab)

.stabstr
 *(.stabstr)

.stab.excl
 *(.stab.excl)

.stab.exclstr
 *(.stab.exclstr)

.stab.index
 *(.stab.index)

.stab.indexstr
 *(.stab.indexstr)

.comment        0x00000000       0x30
 *(.comment)
 .comment       0x00000000       0x30 src/PID.o
                                 0x31 (size before relaxing)
 .comment       0x00000000       0x31 src/ASF/common/services/sleepmgr/xmega/sleepmgr.o
 .comment       0x00000000       0x31 src/ASF/common/services/spi/xmega_spi/spi_master.o
 .comment       0x00000000       0x31 src/ASF/xmega/drivers/qdec/qdec.o
 .comment       0x00000000       0x31 src/ASF/xmega/drivers/spi/spi.o
 .comment       0x00000000       0x31 src/ASF/xmega/drivers/tc/tc.o
 .comment       0x00000000       0x31 src/ASF/xmega/drivers/usart/usart.o
 .comment       0x00000000       0x31 src/ASF/common/services/ioport/xmega/ioport_compat.o
 .comment       0x00000000       0x31 src/ASF/common/services/clock/xmega/sysclk.o
 .comment       0x00000000       0x31 src/ASF/xmega/drivers/nvm/nvm.o
 .comment       0x00000000       0x31 src/ASF/common/boards/user_board/init.o
 .comment       0x00000000       0x31 src/ASF/xmega/services/pwm/pwm.o
 .comment       0x00000000       0x31 src/BTMessageParse.o
 .comment       0x00000000       0x31 src/main.o

.note.gnu.build-id
 *(.note.gnu.build-id)

.debug
 *(.debug)

.line
 *(.line)

.debug_srcinfo
 *(.debug_srcinfo)

.debug_sfnames
 *(.debug_sfnames)

.debug_aranges  0x00000000      0x4f8
 *(.debug_aranges)
 .debug_aranges
                0x00000000       0x30 src/PID.o
 .debug_aranges
                0x00000030       0x18 src/ASF/common/services/sleepmgr/xmega/sleepmgr.o
 .debug_aranges
                0x00000048       0x48 src/ASF/common/services/spi/xmega_spi/spi_master.o
 .debug_aranges
                0x00000090       0x98 src/ASF/xmega/drivers/qdec/qdec.o
 .debug_aranges
                0x00000128       0x20 src/ASF/xmega/drivers/spi/spi.o
 .debug_aranges
                0x00000148      0x120 src/ASF/xmega/drivers/tc/tc.o
 .debug_aranges
                0x00000268       0x58 src/ASF/xmega/drivers/usart/usart.o
 .debug_aranges
                0x000002c0       0x20 src/ASF/common/services/ioport/xmega/ioport_compat.o
 .debug_aranges
                0x000002e0       0x40 src/ASF/common/services/clock/xmega/sysclk.o
 .debug_aranges
                0x00000320       0xc0 src/ASF/xmega/drivers/nvm/nvm.o
 .debug_aranges
                0x000003e0       0x28 src/ASF/xmega/drivers/nvm/nvm_asm.o
 .debug_aranges
                0x00000408       0x20 src/ASF/xmega/drivers/cpu/ccp.o
 .debug_aranges
                0x00000428       0x20 src/ASF/common/boards/user_board/init.o
 .debug_aranges
                0x00000448       0x30 src/ASF/xmega/services/pwm/pwm.o
 .debug_aranges
                0x00000478       0x40 src/BTMessageParse.o
 .debug_aranges
                0x000004b8       0x40 src/main.o

.debug_pubnames
 *(.debug_pubnames)

.debug_info     0x00000000     0xd3f1
 *(.debug_info .gnu.linkonce.wi.*)
 .debug_info    0x00000000      0x232 src/PID.o
 .debug_info    0x00000232      0x121 src/ASF/common/services/sleepmgr/xmega/sleepmgr.o
 .debug_info    0x00000353      0xb84 src/ASF/common/services/spi/xmega_spi/spi_master.o
 .debug_info    0x00000ed7     0x2122 src/ASF/xmega/drivers/qdec/qdec.o
 .debug_info    0x00002ff9      0x1b9 src/ASF/xmega/drivers/spi/spi.o
 .debug_info    0x000031b2     0x16d2 src/ASF/xmega/drivers/tc/tc.o
 .debug_info    0x00004884     0x2d92 src/ASF/xmega/drivers/usart/usart.o
 .debug_info    0x00007616      0x11d src/ASF/common/services/ioport/xmega/ioport_compat.o
 .debug_info    0x00007733      0x82d src/ASF/common/services/clock/xmega/sysclk.o
 .debug_info    0x00007f60     0x139f src/ASF/xmega/drivers/nvm/nvm.o
 .debug_info    0x000092ff       0x9c src/ASF/xmega/drivers/nvm/nvm_asm.o
 .debug_info    0x0000939b       0x9c src/ASF/xmega/drivers/cpu/ccp.o
 .debug_info    0x00009437      0x5a7 src/ASF/common/boards/user_board/init.o
 .debug_info    0x000099de     0x1388 src/ASF/xmega/services/pwm/pwm.o
 .debug_info    0x0000ad66      0x6e1 src/BTMessageParse.o
 .debug_info    0x0000b447     0x1faa src/main.o

.debug_abbrev   0x00000000     0x2097
 *(.debug_abbrev)
 .debug_abbrev  0x00000000      0x10d src/PID.o
 .debug_abbrev  0x0000010d       0x80 src/ASF/common/services/sleepmgr/xmega/sleepmgr.o
 .debug_abbrev  0x0000018d      0x29c src/ASF/common/services/spi/xmega_spi/spi_master.o
 .debug_abbrev  0x00000429      0x373 src/ASF/xmega/drivers/qdec/qdec.o
 .debug_abbrev  0x0000079c       0xf6 src/ASF/xmega/drivers/spi/spi.o
 .debug_abbrev  0x00000892      0x2a7 src/ASF/xmega/drivers/tc/tc.o
 .debug_abbrev  0x00000b39      0x3e8 src/ASF/xmega/drivers/usart/usart.o
 .debug_abbrev  0x00000f21       0x93 src/ASF/common/services/ioport/xmega/ioport_compat.o
 .debug_abbrev  0x00000fb4      0x27b src/ASF/common/services/clock/xmega/sysclk.o
 .debug_abbrev  0x0000122f      0x3fb src/ASF/xmega/drivers/nvm/nvm.o
 .debug_abbrev  0x0000162a       0x12 src/ASF/xmega/drivers/nvm/nvm_asm.o
 .debug_abbrev  0x0000163c       0x14 src/ASF/xmega/drivers/cpu/ccp.o
 .debug_abbrev  0x00001650      0x19e src/ASF/common/boards/user_board/init.o
 .debug_abbrev  0x000017ee      0x29c src/ASF/xmega/services/pwm/pwm.o
 .debug_abbrev  0x00001a8a      0x200 src/BTMessageParse.o
 .debug_abbrev  0x00001c8a      0x40d src/main.o

.debug_line     0x00000000     0x70e7
 *(.debug_line .debug_line.* .debug_line_end)
 .debug_line    0x00000000      0x1fc src/PID.o
 .debug_line    0x000001fc      0x430 src/ASF/common/services/sleepmgr/xmega/sleepmgr.o
 .debug_line    0x0000062c      0x74e src/ASF/common/services/spi/xmega_spi/spi_master.o
 .debug_line    0x00000d7a      0xac3 src/ASF/xmega/drivers/qdec/qdec.o
 .debug_line    0x0000183d      0x4d1 src/ASF/xmega/drivers/spi/spi.o
 .debug_line    0x00001d0e      0xc3a src/ASF/xmega/drivers/tc/tc.o
 .debug_line    0x00002948      0xbec src/ASF/xmega/drivers/usart/usart.o
 .debug_line    0x00003534      0x48d src/ASF/common/services/ioport/xmega/ioport_compat.o
 .debug_line    0x000039c1      0x646 src/ASF/common/services/clock/xmega/sysclk.o
 .debug_line    0x00004007      0xb63 src/ASF/xmega/drivers/nvm/nvm.o
 .debug_line    0x00004b6a      0x11f src/ASF/xmega/drivers/nvm/nvm_asm.o
 .debug_line    0x00004c89       0x6e src/ASF/xmega/drivers/cpu/ccp.o
 .debug_line    0x00004cf7      0x834 src/ASF/common/boards/user_board/init.o
 .debug_line    0x0000552b      0xa3b src/ASF/xmega/services/pwm/pwm.o
 .debug_line    0x00005f66      0x646 src/BTMessageParse.o
 .debug_line    0x000065ac      0xb3b src/main.o

.debug_frame    0x00000000     0x132c
 *(.debug_frame)
 .debug_frame   0x00000000       0x64 src/PID.o
 .debug_frame   0x00000064       0x9c src/ASF/common/services/spi/xmega_spi/spi_master.o
 .debug_frame   0x00000100      0x188 src/ASF/xmega/drivers/qdec/qdec.o
 .debug_frame   0x00000288       0x4c src/ASF/xmega/drivers/spi/spi.o
 .debug_frame   0x000002d4      0x93c src/ASF/xmega/drivers/tc/tc.o
 .debug_frame   0x00000c10      0x148 src/ASF/xmega/drivers/usart/usart.o
 .debug_frame   0x00000d58       0x30 src/ASF/common/services/ioport/xmega/ioport_compat.o
 .debug_frame   0x00000d88       0x64 src/ASF/common/services/clock/xmega/sysclk.o
 .debug_frame   0x00000dec      0x354 src/ASF/xmega/drivers/nvm/nvm.o
 .debug_frame   0x00001140       0x24 src/ASF/common/boards/user_board/init.o
 .debug_frame   0x00001164       0x84 src/ASF/xmega/services/pwm/pwm.o
 .debug_frame   0x000011e8       0x74 src/BTMessageParse.o
 .debug_frame   0x0000125c       0xd0 src/main.o

.debug_str      0x00000000    0x28b46
 *(.debug_str)
 .debug_str     0x00000000     0x32ec src/PID.o
                               0x3369 (size before relaxing)
 .debug_str     0x000032ec    0x1fa72 src/ASF/common/services/sleepmgr/xmega/sleepmgr.o
                              0x23251 (size before relaxing)
 .debug_str     0x00022d5e     0x1c95 src/ASF/common/services/spi/xmega_spi/spi_master.o
                              0x24bd9 (size before relaxing)
 .debug_str     0x000249f3     0x1982 src/ASF/xmega/drivers/qdec/qdec.o
                              0x25f9b (size before relaxing)
 .debug_str     0x00026375       0xb1 src/ASF/xmega/drivers/spi/spi.o
                              0x2348d (size before relaxing)
 .debug_str     0x00026426      0x5cb src/ASF/xmega/drivers/tc/tc.o
                              0x24cdd (size before relaxing)
 .debug_str     0x000269f1      0x8f8 src/ASF/xmega/drivers/usart/usart.o
                              0x256c0 (size before relaxing)
 .debug_str     0x000272e9       0x77 src/ASF/common/services/ioport/xmega/ioport_compat.o
                              0x2340e (size before relaxing)
 .debug_str     0x00027360      0x2d8 src/ASF/common/services/clock/xmega/sysclk.o
                              0x24377 (size before relaxing)
 .debug_str     0x00027638      0xa84 src/ASF/xmega/drivers/nvm/nvm.o
                              0x2397e (size before relaxing)
 .debug_str     0x000280bc      0x418 src/ASF/common/boards/user_board/init.o
                              0x25103 (size before relaxing)
 .debug_str     0x000284d4      0x224 src/ASF/xmega/services/pwm/pwm.o
                              0x258f1 (size before relaxing)
 .debug_str     0x000286f8      0x1bc src/BTMessageParse.o
                              0x238ea (size before relaxing)
 .debug_str     0x000288b4      0x292 src/main.o
                              0x25fbc (size before relaxing)

.debug_loc      0x00000000     0x55f1
 *(.debug_loc)
 .debug_loc     0x00000000      0x34d src/PID.o
 .debug_loc     0x0000034d      0x52e src/ASF/common/services/spi/xmega_spi/spi_master.o
 .debug_loc     0x0000087b      0x845 src/ASF/xmega/drivers/qdec/qdec.o
 .debug_loc     0x000010c0      0x105 src/ASF/xmega/drivers/spi/spi.o
 .debug_loc     0x000011c5     0x15dd src/ASF/xmega/drivers/tc/tc.o
 .debug_loc     0x000027a2      0xfcf src/ASF/xmega/drivers/usart/usart.o
 .debug_loc     0x00003771       0x66 src/ASF/common/services/ioport/xmega/ioport_compat.o
 .debug_loc     0x000037d7      0x235 src/ASF/common/services/clock/xmega/sysclk.o
 .debug_loc     0x00003a0c     0x10d8 src/ASF/xmega/drivers/nvm/nvm.o
 .debug_loc     0x00004ae4      0x646 src/ASF/xmega/services/pwm/pwm.o
 .debug_loc     0x0000512a      0x178 src/BTMessageParse.o
 .debug_loc     0x000052a2      0x34f src/main.o

.debug_macinfo
 *(.debug_macinfo)

.debug_weaknames
 *(.debug_weaknames)

.debug_funcnames
 *(.debug_funcnames)

.debug_typenames
 *(.debug_typenames)

.debug_varnames
 *(.debug_varnames)

.debug_pubtypes
 *(.debug_pubtypes)

.debug_ranges   0x00000000      0x4a0
 *(.debug_ranges)
 .debug_ranges  0x00000000       0x20 src/PID.o
 .debug_ranges  0x00000020       0x38 src/ASF/common/services/spi/xmega_spi/spi_master.o
 .debug_ranges  0x00000058       0xa8 src/ASF/xmega/drivers/qdec/qdec.o
 .debug_ranges  0x00000100       0x10 src/ASF/xmega/drivers/spi/spi.o
 .debug_ranges  0x00000110      0x110 src/ASF/xmega/drivers/tc/tc.o
 .debug_ranges  0x00000220       0x80 src/ASF/xmega/drivers/usart/usart.o
 .debug_ranges  0x000002a0       0x10 src/ASF/common/services/ioport/xmega/ioport_compat.o
 .debug_ranges  0x000002b0       0x30 src/ASF/common/services/clock/xmega/sysclk.o
 .debug_ranges  0x000002e0       0xc8 src/ASF/xmega/drivers/nvm/nvm.o
 .debug_ranges  0x000003a8       0x20 src/ASF/xmega/drivers/nvm/nvm_asm.o
 .debug_ranges  0x000003c8       0x10 src/ASF/common/boards/user_board/init.o
 .debug_ranges  0x000003d8       0x20 src/ASF/xmega/services/pwm/pwm.o
 .debug_ranges  0x000003f8       0x30 src/BTMessageParse.o
 .debug_ranges  0x00000428       0x78 src/main.o

.debug_macro    0x00000000     0xa3df
 *(.debug_macro)
 .debug_macro   0x00000000       0x33 src/PID.o
 .debug_macro   0x00000033      0xa54 src/PID.o
 .debug_macro   0x00000a87      0x1ad src/PID.o
 .debug_macro   0x00000c34       0x28 src/PID.o
 .debug_macro   0x00000c5c      0x1a3 src/ASF/common/services/sleepmgr/xmega/sleepmgr.o
 .debug_macro   0x00000dff       0x10 src/ASF/common/services/sleepmgr/xmega/sleepmgr.o
 .debug_macro   0x00000e0f      0x293 src/ASF/common/services/sleepmgr/xmega/sleepmgr.o
 .debug_macro   0x000010a2       0x9e src/ASF/common/services/sleepmgr/xmega/sleepmgr.o
 .debug_macro   0x00001140     0x5486 src/ASF/common/services/sleepmgr/xmega/sleepmgr.o
 .debug_macro   0x000065c6       0x9a src/ASF/common/services/sleepmgr/xmega/sleepmgr.o
 .debug_macro   0x00006660       0xf1 src/ASF/common/services/sleepmgr/xmega/sleepmgr.o
 .debug_macro   0x00006751       0x34 src/ASF/common/services/sleepmgr/xmega/sleepmgr.o
 .debug_macro   0x00006785       0x10 src/ASF/common/services/sleepmgr/xmega/sleepmgr.o
 .debug_macro   0x00006795       0x18 src/ASF/common/services/sleepmgr/xmega/sleepmgr.o
 .debug_macro   0x000067ad       0x5e src/ASF/common/services/sleepmgr/xmega/sleepmgr.o
 .debug_macro   0x0000680b       0x10 src/ASF/common/services/sleepmgr/xmega/sleepmgr.o
 .debug_macro   0x0000681b       0x22 src/ASF/common/services/sleepmgr/xmega/sleepmgr.o
 .debug_macro   0x0000683d      0x166 src/ASF/common/services/sleepmgr/xmega/sleepmgr.o
 .debug_macro   0x000069a3       0x1c src/ASF/common/services/sleepmgr/xmega/sleepmgr.o
 .debug_macro   0x000069bf       0x35 src/ASF/common/services/sleepmgr/xmega/sleepmgr.o
 .debug_macro   0x000069f4       0x66 src/ASF/common/services/sleepmgr/xmega/sleepmgr.o
 .debug_macro   0x00006a5a      0x44c src/ASF/common/services/sleepmgr/xmega/sleepmgr.o
 .debug_macro   0x00006ea6       0x97 src/ASF/common/services/sleepmgr/xmega/sleepmgr.o
 .debug_macro   0x00006f3d       0x17 src/ASF/common/services/sleepmgr/xmega/sleepmgr.o
 .debug_macro   0x00006f54      0x250 src/ASF/common/services/sleepmgr/xmega/sleepmgr.o
 .debug_macro   0x000071a4       0x76 src/ASF/common/services/sleepmgr/xmega/sleepmgr.o
 .debug_macro   0x0000721a       0x16 src/ASF/common/services/sleepmgr/xmega/sleepmgr.o
 .debug_macro   0x00007230      0x6e0 src/ASF/common/services/sleepmgr/xmega/sleepmgr.o
 .debug_macro   0x00007910       0x10 src/ASF/common/services/sleepmgr/xmega/sleepmgr.o
 .debug_macro   0x00007920      0x175 src/ASF/common/services/sleepmgr/xmega/sleepmgr.o
 .debug_macro   0x00007a95       0x40 src/ASF/common/services/sleepmgr/xmega/sleepmgr.o
 .debug_macro   0x00007ad5       0x69 src/ASF/common/services/sleepmgr/xmega/sleepmgr.o
 .debug_macro   0x00007b3e       0x32 src/ASF/common/services/sleepmgr/xmega/sleepmgr.o
 .debug_macro   0x00007b70       0xe4 src/ASF/common/services/sleepmgr/xmega/sleepmgr.o
 .debug_macro   0x00007c54       0x10 src/ASF/common/services/sleepmgr/xmega/sleepmgr.o
 .debug_macro   0x00007c64       0x5e src/ASF/common/services/sleepmgr/xmega/sleepmgr.o
 .debug_macro   0x00007cc2      0x235 src/ASF/common/services/spi/xmega_spi/spi_master.o
 .debug_macro   0x00007ef7       0x7c src/ASF/common/services/spi/xmega_spi/spi_master.o
 .debug_macro   0x00007f73      0x109 src/ASF/common/services/spi/xmega_spi/spi_master.o
 .debug_macro   0x0000807c       0x2e src/ASF/common/services/spi/xmega_spi/spi_master.o
 .debug_macro   0x000080aa       0x22 src/ASF/common/services/spi/xmega_spi/spi_master.o
 .debug_macro   0x000080cc      0x229 src/ASF/common/services/spi/xmega_spi/spi_master.o
 .debug_macro   0x000082f5       0x1c src/ASF/common/services/spi/xmega_spi/spi_master.o
 .debug_macro   0x00008311       0x66 src/ASF/common/services/spi/xmega_spi/spi_master.o
 .debug_macro   0x00008377       0x2f src/ASF/common/services/spi/xmega_spi/spi_master.o
 .debug_macro   0x000083a6      0x154 src/ASF/common/services/spi/xmega_spi/spi_master.o
 .debug_macro   0x000084fa      0x299 src/ASF/xmega/drivers/qdec/qdec.o
 .debug_macro   0x00008793      0x223 src/ASF/xmega/drivers/qdec/qdec.o
 .debug_macro   0x000089b6       0x12 src/ASF/xmega/drivers/qdec/qdec.o
 .debug_macro   0x000089c8      0x1a7 src/ASF/xmega/drivers/spi/spi.o
 .debug_macro   0x00008b6f      0x235 src/ASF/xmega/drivers/tc/tc.o
 .debug_macro   0x00008da4      0x299 src/ASF/xmega/drivers/tc/tc.o
 .debug_macro   0x0000903d      0x231 src/ASF/xmega/drivers/usart/usart.o
 .debug_macro   0x0000926e       0x34 src/ASF/xmega/drivers/usart/usart.o
 .debug_macro   0x000092a2      0x193 src/ASF/common/services/ioport/xmega/ioport_compat.o
 .debug_macro   0x00009435      0x1eb src/ASF/common/services/clock/xmega/sysclk.o
 .debug_macro   0x00009620       0x26 src/ASF/common/services/clock/xmega/sysclk.o
 .debug_macro   0x00009646      0x198 src/ASF/xmega/drivers/nvm/nvm.o
 .debug_macro   0x000097de       0x16 src/ASF/xmega/drivers/nvm/nvm.o
 .debug_macro   0x000097f4      0x2e3 src/ASF/common/boards/user_board/init.o
 .debug_macro   0x00009ad7       0x34 src/ASF/common/boards/user_board/init.o
 .debug_macro   0x00009b0b       0x40 src/ASF/common/boards/user_board/init.o
 .debug_macro   0x00009b4b       0x3a src/ASF/common/boards/user_board/init.o
 .debug_macro   0x00009b85      0x2e3 src/ASF/xmega/services/pwm/pwm.o
 .debug_macro   0x00009e68      0x1c7 src/BTMessageParse.o
 .debug_macro   0x0000a02f       0x58 src/BTMessageParse.o
 .debug_macro   0x0000a087      0x358 src/main.o
OUTPUT(ATxMega64A4U_DASH.elf elf32-avr)
LOAD linker stubs
